<!DOCTYPE html>
<html lang="en">
<head>
</head>
<body>
	<a href="/another-long-prefix/that-is-nested/absolute/link">An absolute link</a>
</body>
</html>