<!DOCTYPE html>
<html lang="en">
<head>
</head>
<body>
	<a href="/prefix/absolute/link">An absolute link</a>
</body>
</html>