<!DOCTYPE html>
<html lang="en">
<head>
	<link href="styles.css">
	<link href="/prefix/more/styles.css">
</head>
<body>
	<img src="hello.jpg">
	<img src="hello/world.jpg">
	<img src="/prefix/hello/world.jpg">
	<video>
		<source src="/prefix/source.mp4">
	</video>
	<script src="jquery.min.js"></script>
	<script src="/prefix/bundle.js"></script>
</body>
</html>